⬥ Injecting environment variable values for all scopes
⬥ Ignored general context env var: LANG (defined in process)

Adding local .netlify folder to .gitignore file...
⬥ No app server detected. Using simple static server
⬥ Running static server from "app/public"
⬥ Setting up local dev server

⬥ Static server listening to 3999
⬥ Loaded function arbitrage
⠋ Setting up the Edge Functions environment. This may take a couple of minutes.

   ╭─────────────────────── ⬥  ────────────────────────╮
   │                                                   │
   │   Local dev server ready: http://localhost:8888   │
   │                                                   │
   ╰───────────────────────────────────────────────────╯

(node:35740) [DEP0060] DeprecationWarning: The `util._extend` API is deprecated. Please use Object.assign() instead.
(Use `node --trace-deprecation ...` to show where the warning was created)
⬥ Rewrote URL to /.netlify/functions/arbitrage
Request from ::1: GET /.netlify/functions/arbitrage
Failed to fetch BTC/USDT from okx: okx GET https://www.okx.com/api/v5/public/instruments?instType=SPOT fetch failed:
Failed to fetch BTC/USDT from binance: binance GET https://api.binance.com/api/v3/exchangeInfo 451 Unavailable For Legal Reasons {
  "code": 0,
  "msg": "Service unavailable from a restricted location according to 'b. Eligibility' in https://www.binance.com/en/terms. Please contact customer service if you believe you received this message in error."
}
Failed to fetch BTC/USDT from bybit: bybit GET https://api.bybit.com/v5/market/instruments-info?category=linear&limit=1000 403 Forbidden {
    error:The Amazon CloudFront distribution is configured to block access from your country
}
Failed to fetch ETH/USDT from binance: binance GET https://api.binance.com/api/v3/exchangeInfo 451 Unavailable For Legal Reasons {
  "code": 0,
  "msg": "Service unavailable from a restricted location according to 'b. Eligibility' in https://www.binance.com/en/terms. Please contact customer service if you believe you received this message in error."
}
Failed to fetch ETH/USDT from bybit: bybit GET https://api.bybit.com/v5/market/instruments-info?category=linear&limit=1000 403 Forbidden {
    error:The Amazon CloudFront distribution is configured to block access from your country
}
Failed to fetch ETH/USDT from okx: okx GET https://www.okx.com/api/v5/public/instruments?instType=SPOT fetch failed:
Failed to fetch SOL/USDT from binance: binance GET https://api.binance.com/api/v3/exchangeInfo 451 Unavailable For Legal Reasons {
  "code": 0,
  "msg": "Service unavailable from a restricted location according to 'b. Eligibility' in https://www.binance.com/en/terms. Please contact customer service if you believe you received this message in error."
}
Failed to fetch SOL/USDT from bybit: bybit GET https://api.bybit.com/v5/market/instruments-info?category=linear&limit=1000 403 Forbidden {
    error:The Amazon CloudFront distribution is configured to block access from your country
}
Failed to fetch SOL/USDT from okx: okx GET https://www.okx.com/api/v5/public/instruments?instType=SPOT fetch failed:
Failed to fetch XRP/USDT from binance: binance GET https://api.binance.com/api/v3/exchangeInfo 451 Unavailable For Legal Reasons {
  "code": 0,
  "msg": "Service unavailable from a restricted location according to 'b. Eligibility' in https://www.binance.com/en/terms. Please contact customer service if you believe you received this message in error."
}
Failed to fetch XRP/USDT from bybit: bybit GET https://api.bybit.com/v5/market/instruments-info?category=linear&limit=1000 403 Forbidden {
    error:The Amazon CloudFront distribution is configured to block access from your country
}
Failed to fetch XRP/USDT from okx: okx GET https://www.okx.com/api/v5/public/instruments?instType=SPOT fetch failed:
Response with status 200 in 7184 ms.
